2026-06-23 11:40:19  INFO     Auto-fetch started. Scheduled time: 09:20 IST every weekday.
2026-06-23 11:40:19  INFO     Press Ctrl+C to stop.
2026-06-23 11:40:19  INFO     Database ready: options_data.db
2026-06-23 11:40:19  INFO     Waiting for next scheduled run at 09:20 ...
2026-06-23 11:41:54  INFO     Auto-fetch started. Scheduled time: 09:20 IST every weekday.
2026-06-23 11:41:54  INFO     Press Ctrl+C to stop.
2026-06-23 11:41:54  INFO     Database ready: options_data.db
2026-06-23 11:41:54  INFO     =======================================================
2026-06-23 11:41:54  INFO     Daily fetch starting at 2026-06-23 11:41:54
2026-06-23 11:41:54  INFO     =======================================================
2026-06-23 11:41:54  INFO     Starting auto-login via Selenium...
2026-06-23 11:41:54  INFO     ====== WebDriver manager ======
2026-06-23 11:41:56  INFO     Get LATEST chromedriver version for google-chrome
2026-06-23 11:41:56  INFO     There is no [win64] chromedriver "149.0.7827.155" for browser google-chrome "149.0.7827" in cache
2026-06-23 11:41:57  INFO     There is no [win64] chromedriver "149.0.7827.155" for browser google-chrome "149.0.7827" in cache
2026-06-23 11:41:57  INFO     Get LATEST chromedriver version for google-chrome
2026-06-23 11:41:57  INFO     WebDriver version 149.0.7827.155 selected
2026-06-23 11:41:57  INFO     Modern chrome version https://storage.googleapis.com/chrome-for-testing-public/149.0.7827.155/win64/chromedriver-win64.zip
2026-06-23 11:41:57  INFO     About to download new driver from https://storage.googleapis.com/chrome-for-testing-public/149.0.7827.155/win64/chromedriver-win64.zip
2026-06-23 11:41:57  INFO     Driver downloading response is 200
2026-06-23 11:41:59  INFO     Driver has been saved in cache [C:\Users\User\.wdm\drivers\chromedriver\win64\149.0.7827.155]
2026-06-23 11:42:03  INFO       Submitted user ID + password.
2026-06-23 11:42:07  ERROR    Daily fetch FAILED: Incorrect padding
Traceback (most recent call last):
  File "d:\iisc\project\auto_fetch.py", line 440, in daily_job
    kite = auto_login()           # fresh token every day
           ^^^^^^^^^^^^
  File "d:\iisc\project\auto_fetch.py", line 151, in auto_login
    totp_code = generate_totp(ZERODHA_TOTP_KEY)
                ^^^^^^^^^^^^^^^^^^^^^^^^^^^^^^^
  File "d:\iisc\project\auto_fetch.py", line 95, in generate_totp
    key = base64.b32decode(secret_key.upper().replace(" ", ""))
          ^^^^^^^^^^^^^^^^^^^^^^^^^^^^^^^^^^^^^^^^^^^^^^^^^^^^^
  File "C:\Users\User\AppData\Local\Programs\Python\Python311\Lib\base64.py", line 254, in b32decode
    return _b32decode(_b32alphabet, s, casefold, map01)
           ^^^^^^^^^^^^^^^^^^^^^^^^^^^^^^^^^^^^^^^^^^^^
  File "C:\Users\User\AppData\Local\Programs\Python\Python311\Lib\base64.py", line 210, in _b32decode
    raise binascii.Error('Incorrect padding')
binascii.Error: Incorrect padding
2026-06-23 12:11:31  INFO     Database ready: options_data.db
2026-06-23 12:11:31  INFO     =======================================================
2026-06-23 12:11:31  INFO     Fetch starting at 2026-06-23 12:11:31
2026-06-23 12:11:31  INFO     =======================================================
2026-06-23 12:11:31  INFO     Starting auto-login via Selenium...
2026-06-23 12:11:31  ERROR    Fetch FAILED: Missing credentials. Set KITE_API_KEY, KITE_API_SECRET, ZERODHA_USER_ID, ZERODHA_PASSWORD as environment variables.
Traceback (most recent call last):
  File "d:\iisc\project\auto_fetch.py", line 421, in daily_job
    kite = load_kite()
           ^^^^^^^^^^^
  File "d:\iisc\project\auto_fetch.py", line 199, in load_kite
    return auto_login()
           ^^^^^^^^^^^^
  File "d:\iisc\project\auto_fetch.py", line 102, in auto_login
    raise RuntimeError(
RuntimeError: Missing credentials. Set KITE_API_KEY, KITE_API_SECRET, ZERODHA_USER_ID, ZERODHA_PASSWORD as environment variables.
2026-06-23 12:16:30  INFO     Database ready: options_data.db
2026-06-23 12:16:30  INFO     =======================================================
2026-06-23 12:16:30  INFO     Fetch starting at 2026-06-23 12:16:30
2026-06-23 12:16:30  INFO     =======================================================
2026-06-23 12:16:30  INFO     Opening Kite login page...
2026-06-23 12:16:30  ERROR    Fetch FAILED: Missing credentials. Set KITE_API_KEY, KITE_API_SECRET, ZERODHA_USER_ID as environment variables.
Traceback (most recent call last):
  File "d:\iisc\project\auto_fetch.py", line 410, in daily_job
    kite = load_kite()
           ^^^^^^^^^^^
  File "d:\iisc\project\auto_fetch.py", line 188, in load_kite
    return auto_login()
           ^^^^^^^^^^^^
  File "d:\iisc\project\auto_fetch.py", line 105, in auto_login
    raise RuntimeError(
RuntimeError: Missing credentials. Set KITE_API_KEY, KITE_API_SECRET, ZERODHA_USER_ID as environment variables.
2026-06-23 12:19:32  INFO     Database ready: options_data.db
2026-06-23 12:19:32  INFO     Scheduled time: 09:20 IST every weekday.
2026-06-23 12:19:32  INFO     Press Ctrl+C to stop.
2026-06-23 12:19:32  INFO     Waiting for next scheduled run at 09:20 ...
2026-06-23 12:19:55  INFO     Database ready: options_data.db
2026-06-23 12:19:55  INFO     =======================================================
2026-06-23 12:19:55  INFO     Fetch starting at 2026-06-23 12:19:55
2026-06-23 12:19:55  INFO     =======================================================
2026-06-23 12:19:55  INFO     Opening Kite login page...
2026-06-23 12:19:55  INFO     ====== WebDriver manager ======
2026-06-23 12:19:56  INFO     Driver [C:\Users\User\.wdm\drivers\chromedriver\win64\149.0.7827.155\chromedriver-win64/chromedriver.exe] found in cache by browser version
2026-06-23 12:20:00  INFO       Pre-filled User ID: HRP552
2026-06-23 12:20:00  INFO       >>> Please enter your PASSWORD and TOTP in the browser window now. <<<
2026-06-23 12:20:24  INFO       Login detected. Redirect URL: http://localhost:5000/kite_callback?type=login&status=success&request_token=8LJZ0GFG0UMZQe5vTdLzeosupKGHfP2v&action=login
2026-06-23 12:20:26  INFO       Got request_token: 8LJZ0GFG...
2026-06-23 12:20:27  INFO       Access token saved to kite_token.json
2026-06-23 12:20:27  INFO     Auto-login successful!
2026-06-23 12:20:27  INFO     Database ready: options_data.db
2026-06-23 12:20:27  INFO     Fetching data: 2026-04-23 → 2026-06-22
2026-06-23 12:20:28  INFO     ─── NIFTY ───
2026-06-23 12:20:28  INFO       Expiry: 2026-06-23  |  Contracts: 206
2026-06-23 12:20:28  INFO       Latest spot: 24102.9
2026-06-23 12:20:28  INFO       [1/42] NIFTY2662324100CE
2026-06-23 12:20:29  INFO       [2/42] NIFTY2662324100PE
2026-06-23 12:20:29  INFO       [3/42] NIFTY2662324150CE
2026-06-23 12:20:30  INFO       [4/42] NIFTY2662324150PE
2026-06-23 12:20:30  INFO       [5/42] NIFTY2662324050CE
2026-06-23 12:20:31  INFO       [6/42] NIFTY2662324050PE
2026-06-23 12:20:31  INFO       [7/42] NIFTY2662324200CE
2026-06-23 12:20:32  INFO       [8/42] NIFTY2662324200PE
2026-06-23 12:20:32  INFO       [9/42] NIFTY2662324000CE
2026-06-23 12:20:32  INFO       [10/42] NIFTY2662324000PE
2026-06-23 12:20:33  INFO       [11/42] NIFTY2662324250CE
2026-06-23 12:20:33  INFO       [12/42] NIFTY2662324250PE
2026-06-23 12:20:34  INFO       [13/42] NIFTY2662323950CE
2026-06-23 12:20:34  INFO       [14/42] NIFTY2662323950PE
2026-06-23 12:20:35  INFO       [15/42] NIFTY2662324300CE
2026-06-23 12:20:35  INFO       [16/42] NIFTY2662324300PE
2026-06-23 12:20:36  INFO       [17/42] NIFTY2662323900CE
2026-06-23 12:20:36  INFO       [18/42] NIFTY2662323900PE
2026-06-23 12:20:36  INFO       [19/42] NIFTY2662324350CE
2026-06-23 12:20:37  INFO       [20/42] NIFTY2662324350PE
2026-06-23 12:20:37  INFO       [21/42] NIFTY2662323850CE
2026-06-23 12:20:38  INFO       [22/42] NIFTY2662323850PE
2026-06-23 12:20:38  INFO       [23/42] NIFTY2662324400CE
2026-06-23 12:20:39  INFO       [24/42] NIFTY2662324400PE
2026-06-23 12:20:39  INFO       [25/42] NIFTY2662323800CE
2026-06-23 12:20:40  INFO       [26/42] NIFTY2662323800PE
2026-06-23 12:20:40  INFO       [27/42] NIFTY2662324450CE
2026-06-23 12:20:40  INFO       [28/42] NIFTY2662324450PE
2026-06-23 12:20:41  INFO       [29/42] NIFTY2662323750CE
2026-06-23 12:20:41  INFO       [30/42] NIFTY2662323750PE
2026-06-23 12:20:42  INFO       [31/42] NIFTY2662324500PE
2026-06-23 12:20:42  INFO       [32/42] NIFTY2662324600CE
2026-06-23 12:20:43  INFO       [33/42] NIFTY2662324600PE
2026-06-23 12:20:43  INFO       [34/42] NIFTY2662324550CE
2026-06-23 12:20:43  INFO       [35/42] NIFTY2662324550PE
2026-06-23 12:20:44  INFO       [36/42] NIFTY2662324500CE
2026-06-23 12:20:44  INFO       [37/42] NIFTY2662323700CE
2026-06-23 12:20:45  INFO       [38/42] NIFTY2662323700PE
2026-06-23 12:20:45  INFO       [39/42] NIFTY2662323650CE
2026-06-23 12:20:46  INFO       [40/42] NIFTY2662323650PE
2026-06-23 12:20:46  INFO       [41/42] NIFTY2662323600CE
2026-06-23 12:20:47  INFO       [42/42] NIFTY2662323600PE
2026-06-23 12:20:47  INFO       Saved 966 rows → options_chain
2026-06-23 12:20:48  INFO       Saved 966 rows → iv_data
2026-06-23 12:20:48  INFO       Saved 23 rows → max_pain
2026-06-23 12:20:48  INFO       Saved 23 rows → pcr
2026-06-23 12:20:48  INFO       ✅  NIFTY done!
2026-06-23 12:20:48  INFO     ─── BANKNIFTY ───
2026-06-23 12:20:48  INFO       Expiry: 2026-06-30  |  Contracts: 388
2026-06-23 12:20:48  INFO       Latest spot: 57935.6
2026-06-23 12:20:49  INFO       [1/42] BANKNIFTY26JUN57900CE
2026-06-23 12:20:49  INFO       [2/42] BANKNIFTY26JUN57900PE
2026-06-23 12:20:49  INFO       [3/42] BANKNIFTY26JUN58000CE
2026-06-23 12:20:50  INFO       [4/42] BANKNIFTY26JUN58000PE
2026-06-23 12:20:50  INFO       [5/42] BANKNIFTY26JUN57800CE
2026-06-23 12:20:51  INFO       [6/42] BANKNIFTY26JUN57800PE
2026-06-23 12:20:51  INFO       [7/42] BANKNIFTY26JUN58100CE
2026-06-23 12:20:52  INFO       [8/42] BANKNIFTY26JUN58100PE
2026-06-23 12:20:52  INFO       [9/42] BANKNIFTY26JUN57700CE
2026-06-23 12:20:53  INFO       [10/42] BANKNIFTY26JUN57700PE
2026-06-23 12:20:53  INFO       [11/42] BANKNIFTY26JUN58200CE
2026-06-23 12:20:53  INFO       [12/42] BANKNIFTY26JUN58200PE
2026-06-23 12:20:54  INFO       [13/42] BANKNIFTY26JUN57600CE
2026-06-23 12:20:54  INFO       [14/42] BANKNIFTY26JUN57600PE
2026-06-23 12:20:55  INFO       [15/42] BANKNIFTY26JUN58300CE
2026-06-23 12:20:55  INFO       [16/42] BANKNIFTY26JUN58300PE
2026-06-23 12:20:56  INFO       [17/42] BANKNIFTY26JUN57500CE
2026-06-23 12:20:56  INFO       [18/42] BANKNIFTY26JUN57500PE
2026-06-23 12:20:57  INFO       [19/42] BANKNIFTY26JUN58400CE
2026-06-23 12:20:57  INFO       [20/42] BANKNIFTY26JUN58400PE
2026-06-23 12:20:57  INFO       [21/42] BANKNIFTY26JUN57400CE
2026-06-23 12:20:58  INFO       [22/42] BANKNIFTY26JUN57400PE
2026-06-23 12:20:58  INFO       [23/42] BANKNIFTY26JUN58500CE
2026-06-23 12:20:59  INFO       [24/42] BANKNIFTY26JUN58500PE
2026-06-23 12:20:59  INFO       [25/42] BANKNIFTY26JUN57300CE
2026-06-23 12:21:00  INFO       [26/42] BANKNIFTY26JUN57300PE
2026-06-23 12:21:00  INFO       [27/42] BANKNIFTY26JUN58600CE
2026-06-23 12:21:01  INFO       [28/42] BANKNIFTY26JUN58600PE
2026-06-23 12:21:01  INFO       [29/42] BANKNIFTY26JUN57200CE
2026-06-23 12:21:02  INFO       [30/42] BANKNIFTY26JUN57200PE
2026-06-23 12:21:02  INFO       [31/42] BANKNIFTY26JUN58700PE
2026-06-23 12:21:02  INFO       [32/42] BANKNIFTY26JUN58900CE
2026-06-23 12:21:03  INFO       [33/42] BANKNIFTY26JUN58900PE
2026-06-23 12:21:03  INFO       [34/42] BANKNIFTY26JUN58800CE
2026-06-23 12:21:04  INFO       [35/42] BANKNIFTY26JUN58800PE
2026-06-23 12:21:04  INFO       [36/42] BANKNIFTY26JUN58700CE
2026-06-23 12:21:05  INFO       [37/42] BANKNIFTY26JUN57100CE
2026-06-23 12:21:05  INFO       [38/42] BANKNIFTY26JUN57100PE
2026-06-23 12:21:05  INFO       [39/42] BANKNIFTY26JUN57000CE
2026-06-23 12:21:06  INFO       [40/42] BANKNIFTY26JUN57000PE
2026-06-23 12:21:06  INFO       [41/42] BANKNIFTY26JUN56900CE
2026-06-23 12:21:07  INFO       [42/42] BANKNIFTY26JUN56900PE
2026-06-23 12:21:07  INFO       Saved 1722 rows → options_chain
2026-06-23 12:21:09  INFO       Saved 1722 rows → iv_data
2026-06-23 12:21:09  INFO       Saved 41 rows → max_pain
2026-06-23 12:21:09  INFO       Saved 41 rows → pcr
2026-06-23 12:21:09  INFO       ✅  BANKNIFTY done!
2026-06-23 12:21:09  INFO     Fetch complete.
2026-06-23 13:58:05  INFO     Database ready: options_data.db
2026-06-23 13:58:05  INFO     =======================================================
2026-06-23 13:58:05  INFO     Fetch starting at 2026-06-23 13:58:05
2026-06-23 13:58:05  INFO     =======================================================
2026-06-23 13:58:05  INFO     Reusing today's saved access token.
2026-06-23 13:58:05  INFO     Database ready: options_data.db
2026-06-23 13:58:05  INFO     Fetching data: 2026-04-23 → 2026-06-22
2026-06-23 13:58:07  INFO     ─── NIFTY ───
2026-06-23 13:58:07  INFO       Expiry: 2026-06-23  |  Contracts: 206
2026-06-23 13:58:07  INFO       Latest spot: 24102.9
2026-06-23 13:58:07  INFO       [1/42] NIFTY2662324100CE
2026-06-23 13:58:07  INFO       [2/42] NIFTY2662324100PE
2026-06-23 13:58:08  INFO       [3/42] NIFTY2662324150CE
2026-06-23 13:58:08  INFO       [4/42] NIFTY2662324150PE
2026-06-23 13:58:09  INFO       [5/42] NIFTY2662324050CE
2026-06-23 13:58:09  INFO       [6/42] NIFTY2662324050PE
2026-06-23 13:58:10  INFO       [7/42] NIFTY2662324200CE
2026-06-23 13:58:10  INFO       [8/42] NIFTY2662324200PE
2026-06-23 13:58:10  INFO       [9/42] NIFTY2662324000CE
2026-06-23 13:58:11  INFO       [10/42] NIFTY2662324000PE
2026-06-23 13:58:11  INFO       [11/42] NIFTY2662324250CE
2026-06-23 13:58:12  INFO       [12/42] NIFTY2662324250PE
2026-06-23 13:58:12  INFO       [13/42] NIFTY2662323950CE
2026-06-23 13:58:12  INFO       [14/42] NIFTY2662323950PE
2026-06-23 13:58:13  INFO       [15/42] NIFTY2662324300CE
2026-06-23 13:58:13  INFO       [16/42] NIFTY2662324300PE
2026-06-23 13:58:14  INFO       [17/42] NIFTY2662323900CE
2026-06-23 13:58:14  INFO       [18/42] NIFTY2662323900PE
2026-06-23 13:58:14  INFO       [19/42] NIFTY2662324350CE
2026-06-23 13:58:15  INFO       [20/42] NIFTY2662324350PE
2026-06-23 13:58:15  INFO       [21/42] NIFTY2662323850CE
2026-06-23 13:58:16  INFO       [22/42] NIFTY2662323850PE
2026-06-23 13:58:16  INFO       [23/42] NIFTY2662324400CE
2026-06-23 13:58:16  INFO       [24/42] NIFTY2662324400PE
2026-06-23 13:58:17  INFO       [25/42] NIFTY2662323800CE
2026-06-23 13:58:17  INFO       [26/42] NIFTY2662323800PE
2026-06-23 13:58:18  INFO       [27/42] NIFTY2662324450CE
2026-06-23 13:58:18  INFO       [28/42] NIFTY2662324450PE
2026-06-23 13:58:18  INFO       [29/42] NIFTY2662323750CE
2026-06-23 13:58:19  INFO       [30/42] NIFTY2662323750PE
2026-06-23 13:58:19  INFO       [31/42] NIFTY2662324500PE
2026-06-23 13:58:20  INFO       [32/42] NIFTY2662324600CE
2026-06-23 13:58:20  INFO       [33/42] NIFTY2662324600PE
2026-06-23 13:58:21  INFO       [34/42] NIFTY2662324550CE
2026-06-23 13:58:21  INFO       [35/42] NIFTY2662324550PE
2026-06-23 13:58:21  INFO       [36/42] NIFTY2662324500CE
2026-06-23 13:58:22  INFO       [37/42] NIFTY2662323700CE
2026-06-23 13:58:22  INFO       [38/42] NIFTY2662323700PE
2026-06-23 13:58:23  INFO       [39/42] NIFTY2662323650CE
2026-06-23 13:58:23  INFO       [40/42] NIFTY2662323650PE
2026-06-23 13:58:23  INFO       [41/42] NIFTY2662323600CE
2026-06-23 13:58:24  INFO       [42/42] NIFTY2662323600PE
2026-06-23 13:58:24  INFO       Saved 966 rows → options_chain
2026-06-23 13:58:25  INFO       Saved 966 rows → iv_data
2026-06-23 13:58:26  INFO       Saved 23 rows → max_pain
2026-06-23 13:58:26  INFO       Saved 23 rows → pcr
2026-06-23 13:58:26  INFO       ✅  NIFTY done!
2026-06-23 13:58:26  INFO     ─── BANKNIFTY ───
2026-06-23 13:58:26  INFO       Expiry: 2026-06-30  |  Contracts: 388
2026-06-23 13:58:26  INFO       Latest spot: 57935.6
2026-06-23 13:58:26  INFO       [1/42] BANKNIFTY26JUN57900CE
2026-06-23 13:58:26  INFO       [2/42] BANKNIFTY26JUN57900PE
2026-06-23 13:58:27  INFO       [3/42] BANKNIFTY26JUN58000CE
2026-06-23 13:58:27  INFO       [4/42] BANKNIFTY26JUN58000PE
2026-06-23 13:58:27  INFO       [5/42] BANKNIFTY26JUN57800CE
2026-06-23 13:58:28  INFO       [6/42] BANKNIFTY26JUN57800PE
2026-06-23 13:58:28  INFO       [7/42] BANKNIFTY26JUN58100CE
2026-06-23 13:58:29  INFO       [8/42] BANKNIFTY26JUN58100PE
2026-06-23 13:58:29  INFO       [9/42] BANKNIFTY26JUN57700CE
2026-06-23 13:58:29  INFO       [10/42] BANKNIFTY26JUN57700PE
2026-06-23 13:58:30  INFO       [11/42] BANKNIFTY26JUN58200CE
2026-06-23 13:58:30  INFO       [12/42] BANKNIFTY26JUN58200PE
2026-06-23 13:58:31  INFO       [13/42] BANKNIFTY26JUN57600CE
2026-06-23 13:58:31  INFO       [14/42] BANKNIFTY26JUN57600PE
2026-06-23 13:58:31  INFO       [15/42] BANKNIFTY26JUN58300CE
2026-06-23 13:58:32  INFO       [16/42] BANKNIFTY26JUN58300PE
2026-06-23 13:58:32  INFO       [17/42] BANKNIFTY26JUN57500CE
2026-06-23 13:58:33  INFO       [18/42] BANKNIFTY26JUN57500PE
2026-06-23 13:58:33  INFO       [19/42] BANKNIFTY26JUN58400CE
2026-06-23 13:58:33  INFO       [20/42] BANKNIFTY26JUN58400PE
2026-06-23 13:58:34  INFO       [21/42] BANKNIFTY26JUN57400CE
2026-06-23 13:58:34  INFO       [22/42] BANKNIFTY26JUN57400PE
2026-06-23 13:58:35  INFO       [23/42] BANKNIFTY26JUN58500CE
2026-06-23 13:58:35  INFO       [24/42] BANKNIFTY26JUN58500PE
2026-06-23 13:58:36  INFO       [25/42] BANKNIFTY26JUN57300CE
2026-06-23 13:58:36  INFO       [26/42] BANKNIFTY26JUN57300PE
2026-06-23 13:58:36  INFO       [27/42] BANKNIFTY26JUN58600CE
2026-06-23 13:58:37  INFO       [28/42] BANKNIFTY26JUN58600PE
2026-06-23 13:58:37  INFO       [29/42] BANKNIFTY26JUN57200CE
2026-06-23 13:58:38  INFO       [30/42] BANKNIFTY26JUN57200PE
2026-06-23 13:58:38  INFO       [31/42] BANKNIFTY26JUN58700PE
2026-06-23 13:58:38  INFO       [32/42] BANKNIFTY26JUN58900CE
2026-06-23 13:58:39  INFO       [33/42] BANKNIFTY26JUN58900PE
2026-06-23 13:58:39  INFO       [34/42] BANKNIFTY26JUN58800CE
2026-06-23 13:58:40  INFO       [35/42] BANKNIFTY26JUN58800PE
2026-06-23 13:58:40  INFO       [36/42] BANKNIFTY26JUN58700CE
2026-06-23 13:58:40  INFO       [37/42] BANKNIFTY26JUN57100CE
2026-06-23 13:58:41  INFO       [38/42] BANKNIFTY26JUN57100PE
2026-06-23 13:58:41  INFO       [39/42] BANKNIFTY26JUN57000CE
2026-06-23 13:58:42  INFO       [40/42] BANKNIFTY26JUN57000PE
2026-06-23 13:58:42  INFO       [41/42] BANKNIFTY26JUN56900CE
2026-06-23 13:58:43  INFO       [42/42] BANKNIFTY26JUN56900PE
2026-06-23 13:58:43  INFO       Saved 1722 rows → options_chain
2026-06-23 13:58:45  INFO       Saved 1722 rows → iv_data
2026-06-23 13:58:45  INFO       Saved 41 rows → max_pain
2026-06-23 13:58:45  INFO       Saved 41 rows → pcr
2026-06-23 13:58:45  INFO       ✅  BANKNIFTY done!
2026-06-23 13:58:45  INFO     Fetch complete.
2026-06-23 19:04:04  INFO     Database ready: options_data.db
2026-06-23 19:04:04  INFO     Scheduled time: 09:20 IST every weekday.
2026-06-23 19:04:04  INFO     Press Ctrl+C to stop.
2026-06-23 19:04:04  INFO     Waiting for next scheduled run at 09:20 ...
2026-06-23 19:07:44  INFO     Database ready: options_data.db
2026-06-23 19:07:44  INFO     =======================================================
2026-06-23 19:07:44  INFO     Fetch starting at 2026-06-23 19:07:44
2026-06-23 19:07:44  INFO     =======================================================
2026-06-23 19:07:44  INFO     Reusing today's saved access token.
2026-06-23 19:07:44  INFO     Database ready: options_data.db
2026-06-23 19:07:44  INFO     Fetching data: 2026-04-23 → 2026-06-22
2026-06-23 19:07:47  INFO     ─── NIFTY ───
2026-06-23 19:07:47  INFO       Expiry: 2026-06-23  |  Contracts: 206
2026-06-23 19:07:47  INFO       Latest spot: 24102.9
2026-06-23 19:07:47  INFO       [1/42] NIFTY2662324100CE
2026-06-23 19:07:48  INFO       [2/42] NIFTY2662324100PE
2026-06-23 19:07:48  INFO       [3/42] NIFTY2662324150CE
2026-06-23 19:07:49  INFO       [4/42] NIFTY2662324150PE
2026-06-23 19:07:49  INFO       [5/42] NIFTY2662324050CE
2026-06-23 19:07:50  INFO       [6/42] NIFTY2662324050PE
2026-06-23 19:07:50  INFO       [7/42] NIFTY2662324200CE
2026-06-23 19:07:51  INFO       [8/42] NIFTY2662324200PE
2026-06-23 19:07:51  INFO       [9/42] NIFTY2662324000CE
2026-06-23 19:07:52  INFO       [10/42] NIFTY2662324000PE
2026-06-23 19:07:53  INFO       [11/42] NIFTY2662324250CE
2026-06-23 19:07:53  INFO       [12/42] NIFTY2662324250PE
2026-06-23 19:07:54  INFO       [13/42] NIFTY2662323950CE
2026-06-23 19:07:54  INFO       [14/42] NIFTY2662323950PE
2026-06-23 19:07:55  INFO       [15/42] NIFTY2662324300CE
2026-06-23 19:07:55  INFO       [16/42] NIFTY2662324300PE
2026-06-23 19:07:56  INFO       [17/42] NIFTY2662323900CE
2026-06-23 19:07:56  INFO       [18/42] NIFTY2662323900PE
2026-06-23 19:07:56  INFO       [19/42] NIFTY2662324350CE
2026-06-23 19:07:57  INFO       [20/42] NIFTY2662324350PE
2026-06-23 19:07:57  INFO       [21/42] NIFTY2662323850CE
2026-06-23 19:07:58  INFO       [22/42] NIFTY2662323850PE
2026-06-23 19:07:58  INFO       [23/42] NIFTY2662324400CE
2026-06-23 19:07:59  INFO       [24/42] NIFTY2662324400PE
2026-06-23 19:07:59  INFO       [25/42] NIFTY2662323800CE
2026-06-23 19:08:00  INFO       [26/42] NIFTY2662323800PE
2026-06-23 19:08:00  INFO       [27/42] NIFTY2662324450CE
2026-06-23 19:08:00  INFO       [28/42] NIFTY2662324450PE
2026-06-23 19:08:01  INFO       [29/42] NIFTY2662323750CE
2026-06-23 19:08:01  INFO       [30/42] NIFTY2662323750PE
2026-06-23 19:08:02  INFO       [31/42] NIFTY2662324500PE
2026-06-23 19:08:02  INFO       [32/42] NIFTY2662324600CE
2026-06-23 19:08:03  INFO       [33/42] NIFTY2662324600PE
2026-06-23 19:08:03  INFO       [34/42] NIFTY2662324550CE
2026-06-23 19:08:04  INFO       [35/42] NIFTY2662324550PE
2026-06-23 19:08:04  INFO       [36/42] NIFTY2662324500CE
2026-06-23 19:08:05  INFO       [37/42] NIFTY2662323700CE
2026-06-23 19:08:06  INFO       [38/42] NIFTY2662323700PE
2026-06-23 19:08:06  INFO       [39/42] NIFTY2662323650CE
2026-06-23 19:08:07  INFO       [40/42] NIFTY2662323650PE
2026-06-23 19:08:07  INFO       [41/42] NIFTY2662323600CE
2026-06-23 19:08:08  INFO       [42/42] NIFTY2662323600PE
2026-06-23 19:08:08  INFO       Saved 966 rows → options_chain
2026-06-23 19:08:10  INFO       Saved 966 rows → iv_data
2026-06-23 19:08:11  INFO       Saved 23 rows → max_pain
2026-06-23 19:08:11  INFO       Saved 23 rows → pcr
2026-06-23 19:08:11  INFO       ✅  NIFTY done!
2026-06-23 19:08:11  INFO     ─── BANKNIFTY ───
2026-06-23 19:08:11  INFO       Expiry: 2026-06-30  |  Contracts: 388
2026-06-23 19:08:11  INFO       Latest spot: 57935.6
2026-06-23 19:08:11  INFO       [1/42] BANKNIFTY26JUN57900CE
2026-06-23 19:08:11  INFO       [2/42] BANKNIFTY26JUN57900PE
2026-06-23 19:08:12  INFO       [3/42] BANKNIFTY26JUN58000CE
2026-06-23 19:08:12  INFO       [4/42] BANKNIFTY26JUN58000PE
2026-06-23 19:08:13  INFO       [5/42] BANKNIFTY26JUN57800CE
2026-06-23 19:08:13  INFO       [6/42] BANKNIFTY26JUN57800PE
2026-06-23 19:08:14  INFO       [7/42] BANKNIFTY26JUN58100CE
2026-06-23 19:08:14  INFO       [8/42] BANKNIFTY26JUN58100PE
2026-06-23 19:08:15  INFO       [9/42] BANKNIFTY26JUN57700CE
2026-06-23 19:08:15  INFO       [10/42] BANKNIFTY26JUN57700PE
2026-06-23 19:08:16  INFO       [11/42] BANKNIFTY26JUN58200CE
2026-06-23 19:08:16  INFO       [12/42] BANKNIFTY26JUN58200PE
2026-06-23 19:08:17  INFO       [13/42] BANKNIFTY26JUN57600CE
2026-06-23 19:08:17  INFO       [14/42] BANKNIFTY26JUN57600PE
2026-06-23 19:08:18  INFO       [15/42] BANKNIFTY26JUN58300CE
2026-06-23 19:08:18  INFO       [16/42] BANKNIFTY26JUN58300PE
2026-06-23 19:08:19  INFO       [17/42] BANKNIFTY26JUN57500CE
2026-06-23 19:08:19  INFO       [18/42] BANKNIFTY26JUN57500PE
2026-06-23 19:08:20  INFO       [19/42] BANKNIFTY26JUN58400CE
2026-06-23 19:08:20  INFO       [20/42] BANKNIFTY26JUN58400PE
2026-06-23 19:08:21  INFO       [21/42] BANKNIFTY26JUN57400CE
2026-06-23 19:08:21  INFO       [22/42] BANKNIFTY26JUN57400PE
2026-06-23 19:08:22  INFO       [23/42] BANKNIFTY26JUN58500CE
2026-06-23 19:08:22  INFO       [24/42] BANKNIFTY26JUN58500PE
2026-06-23 19:08:23  INFO       [25/42] BANKNIFTY26JUN57300CE
2026-06-23 19:08:23  INFO       [26/42] BANKNIFTY26JUN57300PE
2026-06-23 19:08:24  INFO       [27/42] BANKNIFTY26JUN58600CE
2026-06-23 19:08:24  INFO       [28/42] BANKNIFTY26JUN58600PE
2026-06-23 19:08:25  INFO       [29/42] BANKNIFTY26JUN57200CE
2026-06-23 19:08:25  INFO       [30/42] BANKNIFTY26JUN57200PE
2026-06-23 19:08:26  INFO       [31/42] BANKNIFTY26JUN58700PE
2026-06-23 19:08:26  INFO       [32/42] BANKNIFTY26JUN58900CE
2026-06-23 19:08:27  INFO       [33/42] BANKNIFTY26JUN58900PE
2026-06-23 19:08:27  INFO       [34/42] BANKNIFTY26JUN58800CE
2026-06-23 19:08:28  INFO       [35/42] BANKNIFTY26JUN58800PE
2026-06-23 19:08:28  INFO       [36/42] BANKNIFTY26JUN58700CE
2026-06-23 19:08:29  INFO       [37/42] BANKNIFTY26JUN57100CE
2026-06-23 19:08:29  INFO       [38/42] BANKNIFTY26JUN57100PE
2026-06-23 19:08:30  INFO       [39/42] BANKNIFTY26JUN57000CE
2026-06-23 19:08:30  INFO       [40/42] BANKNIFTY26JUN57000PE
2026-06-23 19:08:31  INFO       [41/42] BANKNIFTY26JUN56900CE
2026-06-23 19:08:31  INFO       [42/42] BANKNIFTY26JUN56900PE
2026-06-23 19:08:32  INFO       Saved 1722 rows → options_chain
2026-06-23 19:08:36  INFO       Saved 1722 rows → iv_data
2026-06-23 19:08:36  INFO       Saved 41 rows → max_pain
2026-06-23 19:08:36  INFO       Saved 41 rows → pcr
2026-06-23 19:08:36  INFO       ✅  BANKNIFTY done!
2026-06-23 19:08:36  INFO     Fetch complete.
2026-06-23 19:09:34  INFO     Database ready: options_data.db
2026-06-23 19:09:34  INFO     =======================================================
2026-06-23 19:09:34  INFO     Fetch starting at 2026-06-23 19:09:34
2026-06-23 19:09:34  INFO     =======================================================
2026-06-23 19:09:34  INFO     Reusing today's saved access token.
2026-06-23 19:09:34  INFO     Database ready: options_data.db
2026-06-23 19:09:34  INFO     Fetching data: 2026-04-23 → 2026-06-22
2026-06-23 19:09:37  INFO     ─── NIFTY ───
2026-06-23 19:09:37  INFO       Expiry: 2026-06-23  |  Contracts: 206
2026-06-23 19:09:38  INFO       Latest spot: 24102.9
2026-06-23 19:09:38  INFO       [1/42] NIFTY2662324100CE
2026-06-23 19:09:38  INFO       [2/42] NIFTY2662324100PE
2026-06-23 19:09:39  INFO       [3/42] NIFTY2662324150CE
2026-06-23 19:09:39  INFO       [4/42] NIFTY2662324150PE
2026-06-23 19:09:40  INFO       [5/42] NIFTY2662324050CE
2026-06-23 19:09:40  INFO       [6/42] NIFTY2662324050PE
2026-06-23 19:09:41  INFO       [7/42] NIFTY2662324200CE
2026-06-23 19:09:41  INFO       [8/42] NIFTY2662324200PE
2026-06-23 19:09:42  INFO       [9/42] NIFTY2662324000CE
2026-06-23 19:09:42  INFO       [10/42] NIFTY2662324000PE
2026-06-23 19:09:43  INFO       [11/42] NIFTY2662324250CE
2026-06-23 19:09:43  INFO       [12/42] NIFTY2662324250PE
2026-06-23 19:09:44  INFO       [13/42] NIFTY2662323950CE
2026-06-23 19:09:44  INFO       [14/42] NIFTY2662323950PE
2026-06-23 19:09:45  INFO       [15/42] NIFTY2662324300CE
2026-06-23 19:09:45  INFO       [16/42] NIFTY2662324300PE
2026-06-23 19:09:46  INFO       [17/42] NIFTY2662323900CE
2026-06-23 19:09:46  INFO       [18/42] NIFTY2662323900PE
2026-06-23 19:09:47  INFO       [19/42] NIFTY2662324350CE
2026-06-23 19:09:47  INFO       [20/42] NIFTY2662324350PE
2026-06-23 19:09:48  INFO       [21/42] NIFTY2662323850CE
2026-06-23 19:09:48  INFO       [22/42] NIFTY2662323850PE
2026-06-23 19:09:49  INFO       [23/42] NIFTY2662324400CE
2026-06-23 19:09:49  INFO       [24/42] NIFTY2662324400PE
2026-06-23 19:09:50  INFO       [25/42] NIFTY2662323800CE
2026-06-23 19:09:50  INFO       [26/42] NIFTY2662323800PE
2026-06-23 19:09:51  INFO       [27/42] NIFTY2662324450CE
2026-06-23 19:09:51  INFO       [28/42] NIFTY2662324450PE
2026-06-23 19:09:52  INFO       [29/42] NIFTY2662323750CE
2026-06-23 19:09:52  INFO       [30/42] NIFTY2662323750PE
2026-06-23 19:09:53  INFO       [31/42] NIFTY2662324500PE
2026-06-23 19:09:53  INFO       [32/42] NIFTY2662324600CE
2026-06-23 19:09:54  INFO       [33/42] NIFTY2662324600PE
2026-06-23 19:09:54  INFO       [34/42] NIFTY2662324550CE
2026-06-23 19:09:55  INFO       [35/42] NIFTY2662324550PE
2026-06-23 19:09:55  INFO       [36/42] NIFTY2662324500CE
2026-06-23 19:09:56  INFO       [37/42] NIFTY2662323700CE
2026-06-23 19:09:56  INFO       [38/42] NIFTY2662323700PE
2026-06-23 19:09:57  INFO       [39/42] NIFTY2662323650CE
2026-06-23 19:09:57  INFO       [40/42] NIFTY2662323650PE
2026-06-23 19:09:58  INFO       [41/42] NIFTY2662323600CE
2026-06-23 19:09:58  INFO       [42/42] NIFTY2662323600PE
2026-06-23 19:09:59  INFO       Saved 966 rows → options_chain
2026-06-23 19:10:01  INFO       Saved 966 rows → iv_data
2026-06-23 19:10:01  INFO       Saved 23 rows → max_pain
2026-06-23 19:10:01  INFO       Saved 23 rows → pcr
2026-06-23 19:10:01  INFO       ✅  NIFTY done!
2026-06-23 19:10:01  INFO     ─── BANKNIFTY ───
2026-06-23 19:10:01  INFO       Expiry: 2026-06-30  |  Contracts: 388
2026-06-23 19:10:01  INFO       Latest spot: 57935.6
2026-06-23 19:10:01  INFO       [1/42] BANKNIFTY26JUN57900CE
2026-06-23 19:10:02  INFO       [2/42] BANKNIFTY26JUN57900PE
2026-06-23 19:10:02  INFO       [3/42] BANKNIFTY26JUN58000CE
2026-06-23 19:10:03  INFO       [4/42] BANKNIFTY26JUN58000PE
2026-06-23 19:10:03  INFO       [5/42] BANKNIFTY26JUN57800CE
2026-06-23 19:10:04  INFO       [6/42] BANKNIFTY26JUN57800PE
2026-06-23 19:10:04  INFO       [7/42] BANKNIFTY26JUN58100CE
2026-06-23 19:10:05  INFO       [8/42] BANKNIFTY26JUN58100PE
2026-06-23 19:10:05  INFO       [9/42] BANKNIFTY26JUN57700CE
2026-06-23 19:10:06  INFO       [10/42] BANKNIFTY26JUN57700PE
2026-06-23 19:10:06  INFO       [11/42] BANKNIFTY26JUN58200CE
2026-06-23 19:10:07  INFO       [12/42] BANKNIFTY26JUN58200PE
2026-06-23 19:10:07  INFO       [13/42] BANKNIFTY26JUN57600CE
2026-06-23 19:10:08  INFO       [14/42] BANKNIFTY26JUN57600PE
2026-06-23 19:10:08  INFO       [15/42] BANKNIFTY26JUN58300CE
2026-06-23 19:10:09  INFO       [16/42] BANKNIFTY26JUN58300PE
2026-06-23 19:10:09  INFO       [17/42] BANKNIFTY26JUN57500CE
2026-06-23 19:10:10  INFO       [18/42] BANKNIFTY26JUN57500PE
2026-06-23 19:10:10  INFO       [19/42] BANKNIFTY26JUN58400CE
2026-06-23 19:10:11  INFO       [20/42] BANKNIFTY26JUN58400PE
2026-06-23 19:10:11  INFO       [21/42] BANKNIFTY26JUN57400CE
2026-06-23 19:10:12  INFO       [22/42] BANKNIFTY26JUN57400PE
2026-06-23 19:10:12  INFO       [23/42] BANKNIFTY26JUN58500CE
2026-06-23 19:10:13  INFO       [24/42] BANKNIFTY26JUN58500PE
2026-06-23 19:10:13  INFO       [25/42] BANKNIFTY26JUN57300CE
2026-06-23 19:10:14  INFO       [26/42] BANKNIFTY26JUN57300PE
2026-06-23 19:10:14  INFO       [27/42] BANKNIFTY26JUN58600CE
2026-06-23 19:10:15  INFO       [28/42] BANKNIFTY26JUN58600PE
2026-06-23 19:10:15  INFO       [29/42] BANKNIFTY26JUN57200CE
2026-06-23 19:10:16  INFO       [30/42] BANKNIFTY26JUN57200PE
2026-06-23 19:10:16  INFO       [31/42] BANKNIFTY26JUN58700PE
2026-06-23 19:10:17  INFO       [32/42] BANKNIFTY26JUN58900CE
2026-06-23 19:10:17  INFO       [33/42] BANKNIFTY26JUN58900PE
2026-06-23 19:10:18  INFO       [34/42] BANKNIFTY26JUN58800CE
2026-06-23 19:10:18  INFO       [35/42] BANKNIFTY26JUN58800PE
2026-06-23 19:10:19  INFO       [36/42] BANKNIFTY26JUN58700CE
2026-06-23 19:10:19  INFO       [37/42] BANKNIFTY26JUN57100CE
2026-06-23 19:10:20  INFO       [38/42] BANKNIFTY26JUN57100PE
2026-06-23 19:10:20  INFO       [39/42] BANKNIFTY26JUN57000CE
2026-06-23 19:10:21  INFO       [40/42] BANKNIFTY26JUN57000PE
2026-06-23 19:10:21  INFO       [41/42] BANKNIFTY26JUN56900CE
2026-06-23 19:10:22  INFO       [42/42] BANKNIFTY26JUN56900PE
2026-06-23 19:10:22  INFO       Saved 1722 rows → options_chain
2026-06-23 19:10:26  INFO       Saved 1722 rows → iv_data
2026-06-23 19:10:26  INFO       Saved 41 rows → max_pain
2026-06-23 19:10:27  INFO       Saved 41 rows → pcr
2026-06-23 19:10:27  INFO       ✅  BANKNIFTY done!
2026-06-23 19:10:27  INFO     Fetch complete.
2026-06-24 11:36:42  INFO     Database ready: options_data.db
2026-06-24 11:36:42  INFO     =======================================================
2026-06-24 11:36:42  INFO     Fetch starting at 2026-06-24 11:36:42
2026-06-24 11:36:42  INFO     =======================================================
2026-06-24 11:36:42  INFO     Opening Kite login page...
2026-06-24 11:36:42  INFO     ====== WebDriver manager ======
2026-06-24 11:36:45  INFO     Get LATEST chromedriver version for google-chrome
2026-06-24 11:36:46  INFO     Get LATEST chromedriver version for google-chrome
2026-06-24 11:36:46  INFO     WebDriver version 149.0.7827.155 selected
2026-06-24 11:36:46  INFO     Modern chrome version https://storage.googleapis.com/chrome-for-testing-public/149.0.7827.155/win64/chromedriver-win64.zip
2026-06-24 11:36:46  INFO     About to download new driver from https://storage.googleapis.com/chrome-for-testing-public/149.0.7827.155/win64/chromedriver-win64.zip
2026-06-24 11:36:47  INFO     Driver downloading response is 200
2026-06-24 11:36:50  INFO     Driver has been saved in cache [C:\Users\User\.wdm\drivers\chromedriver\win64\149.0.7827.155]
2026-06-24 11:36:53  INFO       Pre-filled User ID: HRP552
2026-06-24 11:36:53  INFO       >>> Please enter your PASSWORD and TOTP in the browser window now. <<<
2026-06-24 11:41:56  ERROR    Fetch FAILED: Message: 
Traceback (most recent call last):
  File "d:\iisc\project\auto_fetch.py", line 423, in daily_job
    kite = load_kite()
           ^^^^^^^^^^^
  File "d:\iisc\project\auto_fetch.py", line 201, in load_kite
    return auto_login()
           ^^^^^^^^^^^^
  File "d:\iisc\project\auto_fetch.py", line 155, in auto_login
    wait.until(lambda d: "request_token" in d.current_url)
  File "C:\Users\User\AppData\Local\Programs\Python\Python311\Lib\site-packages\selenium\webdriver\support\wait.py", line 121, in until
    raise TimeoutException(message, screen, stacktrace)
selenium.common.exceptions.TimeoutException: Message: 

